
> src@1.0.0 prebuild
> npm run clean


> src@1.0.0 clean
> node -e "const fs = require('fs'); if (fs.existsSync('dist')) fs.rmSync('dist', { recursive: true, force: true });"


> src@1.0.0 build
> npx prisma generate && tsc --outDir dist

[dotenv@17.2.3] injecting env (9) from src\config\.env -- tip: ≡ƒöæ add access controls to secrets: https://dotenvx.com/ops
node.exe : Loaded Prisma config from prisma.config.ts.
At line:1 char:1
+ & "C:\Program Files\nodejs/node.exe" 
"C:\Users\JAHNAVI\AppData\Roamin ...
+ ~~~~~~~~~~~~~~~~~~~~~~~~~~~~~~~~~~~~~~~~~~~~~~~~~~~~~~
~~~~~~~~~~~~~~~
    + CategoryInfo          : NotSpecified: (Loaded Pri 
   sma c...isma.config.ts.:String) [], RemoteException
    + FullyQualifiedErrorId : NativeCommandError
 

Prisma schema loaded from prisma\schema.prisma.
warn Preview feature "driverAdapters" is deprecated. 
The functionality can be used without specifying it as 
a preview feature.

Γ£ö Generated Prisma Client (v7.3.0) to .\node_modules\@prisma\client in 241ms

Start by importing your Prisma Client (See: https://pris.ly/d/importing-client)


src/app.ts(40,28): error TS7006: Parameter 'req' implicitly has an 'any' type.
src/app.ts(40,33): error TS7006: Parameter 'res' implicitly has an 'any' type.
src/app.ts(66,20): error TS2349: This expression is not callable.
  Type 'Number' has no call signatures.
src/app.ts(72,9): error TS2349: This expression is not callable.
  Type 'Number' has no call signatures.
src/migrations/1767942085633-InitSchema.ts(1,54): error TS2307: Cannot find module 'typeorm' or its corresponding type declarations.
src/migrations/1768133493305-AddPaymentsTable.ts(1,54): error TS2307: Cannot find module 'typeorm' or its corresponding type declarations.
src/migrations/1768155869869-update-quotation-fields.ts(1,54): error TS2307: Cannot find module 'typeorm' or its corresponding type declarations.
src/migrations/1768634849784-AddSupervisorToUser.ts(1,54): error TS2307: Cannot find module 'typeorm' or its corresponding type declarations.
src/migrations/1768668414604-UpdateProjectEntity.ts(1,54): error TS2307: Cannot find module 'typeorm' or its corresponding type declarations.
src/migrations/1768819434824-AddPasswordToSupervisors.ts(1,54): error TS2307: Cannot find module 'typeorm' or its corresponding type declarations.
src/migrations/1768940056873-AddProjectIdToDailyUpdates.ts(1,54): error TS2307: Cannot find module 'typeorm' or its corresponding type declarations.
src/migrations/1769000000000-RemoveSupervisorFromUser.ts(1,54): error TS2307: Cannot find module 'typeorm' or its corresponding type declarations.
src/migrations/1769000000001-CreateSupervisorsTable.ts(1,54): error TS2307: Cannot find module 'typeorm' or its corresponding type declarations.
src/migrations/1769000000002-AddProjectIdToSupervisors.ts(1,54): error TS2307: Cannot find module 'typeorm' or its corresponding type declarations.
src/migrations/1769000000003-UpdateQuotationsEntity.ts(1,54): error TS2307: Cannot find module 'typeorm' or its corresponding type declarations.
src/migrations/1769000000004-UpdateDocumentsDocumentTypeEnum.ts(1,54): error TS2307: Cannot find module 'typeorm' or its corresponding type declarations.
src/migrations/1769000000005-AddSupervisorIdToProjects.ts(1,54): error TS2307: Cannot find module 'typeorm' or its corresponding type declarations.
src/migrations/1769000000006-RemoveProjectIdFromSupervisors.ts(1,54): error TS2307: Cannot find module 'typeorm' or its corresponding type declarations.
src/migrations/1769000000007-AddLineItemsToQuotations.ts(1,54): error TS2307: Cannot find module 'typeorm' or its corresponding type declarations.
src/migrations/1769000000008-RemoveDescriptionFromQuotations.ts(1,54): error TS2307: Cannot find module 'typeorm' or its corresponding type declarations.
src/migrations/1769000000009-AddProjectIdToMaterials.ts(1,54): error TS2307: Cannot find module 'typeorm' or its corresponding type declarations.
src/migrations/1769000000010-CreateExpensesTable.ts(1,54): error TS2307: Cannot find module 'typeorm' or its corresponding type declarations.
src/migrations/1769000000011-RemoveUploadedByFromDocuments.ts(1,54): error TS2307: Cannot find module 'typeorm' or its corresponding type declarations.
src/migrations/1769000000012-CreateDailyUpdatesTable.ts(1,54): error TS2307: Cannot find module 'typeorm' or its corresponding type declarations.
src/migrations/1769000000013-AddStatusToExpenses.ts(1,54): error TS2307: Cannot find module 'typeorm' or its corresponding type declarations.
src/migrations/1769000000014-AddStatusToDailyUpdates.ts(1,54): error TS2307: Cannot find module 'typeorm' or its corresponding type declarations.
src/migrations/1769000000015-AddSupervisorIdToUsersAndUpdateSupervisors.ts(1,54): error TS2307: Cannot find module 'typeorm' or its corresponding type declarations.
src/migrations/1769138108476-SyncQuotationsSchema.ts(1,49): error TS2307: Cannot find module 'typeorm' or its corresponding type declarations.
src/migrations/1769164977768-UpdateDailyUpdatesMediaFields.ts(1,49): error TS2307: Cannot find module 'typeorm' or its corresponding type declarations.
src/migrations/1769219000000-AddFileUrlToQuotations.ts(1,49): error TS2307: Cannot find module 'typeorm' or its corresponding type declarations.
src/modules/material/material.services.ts(24,26): error TS2339: Property 'vendor' does not exist on type '{ projectId: string; materialName: string; quantity: number; date: string | Date; notes?: string | null; }'.
src/modules/quotations/quotations.services.ts(70,27): error TS2532: Object is possibly 'undefined'.
src/modules/quotations/quotations.services.ts(239,22): error TS2551: Property 'userId' does not exist on type 'QuotationUpdateInput'. Did you mean 'user'?
