node.exe : D:\Shr-Homes-Backend\jahnavi-shr-homes\n
ode_modules\@prisma\client\src\runtime\getPrismaCli
ent.ts:259
At line:1 char:1
+ & "C:\Program Files\nodejs/node.exe" 
"C:\Users\JAHNAVI\AppData\Roamin ...
+ ~~~~~~~~~~~~~~~~~~~~~~~~~~~~~~~~~~~~~~~~~~~~~~~~~
~~~~~~~~~~~~~~~~~~~~
    + CategoryInfo          : NotSpecified: (D:\Sh 
   r-Homes-Ba...maClient.ts:259:String) [], Remot  
  eException
    + FullyQualifiedErrorId : NativeCommandError
 
        throw new PrismaClientInitializationError(
              ^
PrismaClientInitializationError: `PrismaClient` 
needs to be constructed with a non-empty, valid 
`PrismaClientOptions`:

```
new PrismaClient({
  ...
})
```

or

```
constructor() {
  super({ ... });
}
```
          
    at new t (D:\Shr-Homes-Backend\jahnavi-shr-home
s\node_modules\@prisma\client\src\runtime\getPrisma
Client.ts:259:15)
    at Object.<anonymous> (D:\Shr-Homes-Backend\jah
navi-shr-homes\src\config\prisma.client.ts:4:16)
    at Module._compile 
(node:internal/modules/cjs/loader:1706:14)
    at Module.m._compile (D:\Shr-Homes-Backend\jahn
avi-shr-homes\node_modules\ts-node\src\index.ts:161
8:23)
    at node:internal/modules/cjs/loader:1839:10
    at Object.require.extensions.<computed> [as 
.ts] (D:\Shr-Homes-Backend\jahnavi-shr-homes\node_m
odules\ts-node\src\index.ts:1621:12)
    at Module.load 
(node:internal/modules/cjs/loader:1441:32)
    at Function._load 
(node:internal/modules/cjs/loader:1263:12)
    at TracingChannel.traceSync 
(node:diagnostics_channel:322:14)
    at wrapModuleLoad 
(node:internal/modules/cjs/loader:237:24) {
  clientVersion: '7.3.0',
  errorCode: undefined,
  retryable: undefined
}
